error TS6059: File 'C:/Users/Cobuy/Documents/GitHub/website-builderr/backend/check_db.ts' is not under 'rootDir' 'C:/Users/Cobuy/Documents/GitHub/website-builderr/backend/src'. 'rootDir' is expected to contain all source files.
  The file is in the program because:
    Matched by default include pattern '**/*'
  File is ECMAScript module because 'C:/Users/Cobuy/Documents/GitHub/website-builderr/backend/package.json' has field "type" with value "module"
error TS6059: File 'C:/Users/Cobuy/Documents/GitHub/website-builderr/backend/list_users.ts' is not under 'rootDir' 'C:/Users/Cobuy/Documents/GitHub/website-builderr/backend/src'. 'rootDir' is expected to contain all source files.
  The file is in the program because:
    Matched by default include pattern '**/*'
  File is ECMAScript module because 'C:/Users/Cobuy/Documents/GitHub/website-builderr/backend/package.json' has field "type" with value "module"
error TS6059: File 'C:/Users/Cobuy/Documents/GitHub/website-builderr/backend/prisma.config.ts' is not under 'rootDir' 'C:/Users/Cobuy/Documents/GitHub/website-builderr/backend/src'. 'rootDir' is expected to contain all source files.
  The file is in the program because:
    Matched by default include pattern '**/*'
  File is ECMAScript module because 'C:/Users/Cobuy/Documents/GitHub/website-builderr/backend/package.json' has field "type" with value "module"
